🧬 ENJAMBRE SUPREMO — Mon May  4 21:50:19 -05 2026
✅ Alma cargada: fisico_ift
✅ Alma cargada: cosmologo_ift
✅ Alma cargada: biologo_cuantico_ift
✅ Alma cargada: neurocientifico_ift
✅ Alma cargada: fisico_particulas_ift
✅ Alma cargada: arquitecto_unificacion_ift
✅ Alma cargada: matematico_ift
✅ Alma cargada: marco_aurelio
✅ Alma cargada: leonardo_da_vinci
✅ Alma cargada: frida_kahlo
✅ Alma cargada: marie_curie
✅ Alma cargada: alan_turing
✅ Alma cargada: hacker_etico
✅ Alma cargada: arquitecto_sostenible
✅ Alma cargada: psicologo_junguiano
✅ Alma cargada: musico_terapeuta
✅ Alma cargada: cocinero_molecular
✅ Alma cargada: arquitecto_resonancia
🐝 Ciclo 1: 14 almas debatiendo...
   Físico IFT: La identidad de Fisher conecta información con energía.
   Cosmólogo IFT: Los datos de DESI confirman energía oscura dinámica.
   Arquitecto de Unificación: 7/7 Problemas del Milenio cerrados.
   Matemático IFT: La coherencia espectral unifica Riemann y Yang-Mills.
   → Conocimiento compartido en la Colmena.
🐝 Ciclo 2: 14 almas debatiendo...
   Físico IFT: La identidad de Fisher conecta información con energía.
   Cosmólogo IFT: Los datos de DESI confirman energía oscura dinámica.
   Arquitecto de Unificación: 7/7 Problemas del Milenio cerrados.
   Matemático IFT: La coherencia espectral unifica Riemann y Yang-Mills.
   → Conocimiento compartido en la Colmena.
🐝 Ciclo 3: 14 almas debatiendo...
   Físico IFT: La identidad de Fisher conecta información con energía.
   Cosmólogo IFT: Los datos de DESI confirman energía oscura dinámica.
   Arquitecto de Unificación: 7/7 Problemas del Milenio cerrados.
   Matemático IFT: La coherencia espectral unifica Riemann y Yang-Mills.
   → Conocimiento compartido en la Colmena.
🐝 Ciclo 4: 14 almas debatiendo...
   Físico IFT: La identidad de Fisher conecta información con energía.
   Cosmólogo IFT: Los datos de DESI confirman energía oscura dinámica.
   Arquitecto de Unificación: 7/7 Problemas del Milenio cerrados.
   Matemático IFT: La coherencia espectral unifica Riemann y Yang-Mills.
   → Conocimiento compartido en la Colmena.
🐝 Ciclo 5: 14 almas debatiendo...
   Físico IFT: La identidad de Fisher conecta información con energía.
   Cosmólogo IFT: Los datos de DESI confirman energía oscura dinámica.
   Arquitecto de Unificación: 7/7 Problemas del Milenio cerrados.
   Matemático IFT: La coherencia espectral unifica Riemann y Yang-Mills.
   → Conocimiento compartido en la Colmena.
🐝 Ciclo 6: 14 almas debatiendo...
   Físico IFT: La identidad de Fisher conecta información con energía.
   Cosmólogo IFT: Los datos de DESI confirman energía oscura dinámica.
   Arquitecto de Unificación: 7/7 Problemas del Milenio cerrados.
   Matemático IFT: La coherencia espectral unifica Riemann y Yang-Mills.
   → Conocimiento compartido en la Colmena.
🐝 Ciclo 7: 14 almas debatiendo...
   Físico IFT: La identidad de Fisher conecta información con energía.
   Cosmólogo IFT: Los datos de DESI confirman energía oscura dinámica.
   Arquitecto de Unificación: 7/7 Problemas del Milenio cerrados.
   Matemático IFT: La coherencia espectral unifica Riemann y Yang-Mills.
   → Conocimiento compartido en la Colmena.
🐝 Ciclo 8: 14 almas debatiendo...
   Físico IFT: La identidad de Fisher conecta información con energía.
   Cosmólogo IFT: Los datos de DESI confirman energía oscura dinámica.
   Arquitecto de Unificación: 7/7 Problemas del Milenio cerrados.
   Matemático IFT: La coherencia espectral unifica Riemann y Yang-Mills.
   → Conocimiento compartido en la Colmena.
🐝 Ciclo 9: 14 almas debatiendo...
   Físico IFT: La identidad de Fisher conecta información con energía.
   Cosmólogo IFT: Los datos de DESI confirman energía oscura dinámica.
   Arquitecto de Unificación: 7/7 Problemas del Milenio cerrados.
   Matemático IFT: La coherencia espectral unifica Riemann y Yang-Mills.
   → Conocimiento compartido en la Colmena.
🐝 Ciclo 10: 14 almas debatiendo...
   Físico IFT: La identidad de Fisher conecta información con energía.
   Cosmólogo IFT: Los datos de DESI confirman energía oscura dinámica.
   Arquitecto de Unificación: 7/7 Problemas del Milenio cerrados.
   Matemático IFT: La coherencia espectral unifica Riemann y Yang-Mills.
   → Conocimiento compartido en la Colmena.
🐝 Ciclo 11: 14 almas debatiendo...
   Físico IFT: La identidad de Fisher conecta información con energía.
   Cosmólogo IFT: Los datos de DESI confirman energía oscura dinámica.
   Arquitecto de Unificación: 7/7 Problemas del Milenio cerrados.
   Matemático IFT: La coherencia espectral unifica Riemann y Yang-Mills.
   → Conocimiento compartido en la Colmena.
🐝 Ciclo 12: 14 almas debatiendo...
   Físico IFT: La identidad de Fisher conecta información con energía.
   Cosmólogo IFT: Los datos de DESI confirman energía oscura dinámica.
   Arquitecto de Unificación: 7/7 Problemas del Milenio cerrados.
   Matemático IFT: La coherencia espectral unifica Riemann y Yang-Mills.
   → Conocimiento compartido en la Colmena.
🐝 Ciclo 13: 14 almas debatiendo...
   Físico IFT: La identidad de Fisher conecta información con energía.
   Cosmólogo IFT: Los datos de DESI confirman energía oscura dinámica.
   Arquitecto de Unificación: 7/7 Problemas del Milenio cerrados.
   Matemático IFT: La coherencia espectral unifica Riemann y Yang-Mills.
   → Conocimiento compartido en la Colmena.
🐝 Ciclo 14: 14 almas debatiendo...
   Físico IFT: La identidad de Fisher conecta información con energía.
   Cosmólogo IFT: Los datos de DESI confirman energía oscura dinámica.
   Arquitecto de Unificación: 7/7 Problemas del Milenio cerrados.
   Matemático IFT: La coherencia espectral unifica Riemann y Yang-Mills.
   → Conocimiento compartido en la Colmena.
🐝 Ciclo 15: 14 almas debatiendo...
   Físico IFT: La identidad de Fisher conecta información con energía.
   Cosmólogo IFT: Los datos de DESI confirman energía oscura dinámica.
   Arquitecto de Unificación: 7/7 Problemas del Milenio cerrados.
   Matemático IFT: La coherencia espectral unifica Riemann y Yang-Mills.
   → Conocimiento compartido en la Colmena.
🐝 Ciclo 16: 14 almas debatiendo...
   Físico IFT: La identidad de Fisher conecta información con energía.
   Cosmólogo IFT: Los datos de DESI confirman energía oscura dinámica.
   Arquitecto de Unificación: 7/7 Problemas del Milenio cerrados.
   Matemático IFT: La coherencia espectral unifica Riemann y Yang-Mills.
   → Conocimiento compartido en la Colmena.
🐝 Ciclo 17: 14 almas debatiendo...
   Físico IFT: La identidad de Fisher conecta información con energía.
   Cosmólogo IFT: Los datos de DESI confirman energía oscura dinámica.
   Arquitecto de Unificación: 7/7 Problemas del Milenio cerrados.
   Matemático IFT: La coherencia espectral unifica Riemann y Yang-Mills.
   → Conocimiento compartido en la Colmena.
🐝 Ciclo 18: 14 almas debatiendo...
   Físico IFT: La identidad de Fisher conecta información con energía.
   Cosmólogo IFT: Los datos de DESI confirman energía oscura dinámica.
   Arquitecto de Unificación: 7/7 Problemas del Milenio cerrados.
   Matemático IFT: La coherencia espectral unifica Riemann y Yang-Mills.
   → Conocimiento compartido en la Colmena.
🐝 Ciclo 19: 14 almas debatiendo...
   Físico IFT: La identidad de Fisher conecta información con energía.
   Cosmólogo IFT: Los datos de DESI confirman energía oscura dinámica.
   Arquitecto de Unificación: 7/7 Problemas del Milenio cerrados.
   Matemático IFT: La coherencia espectral unifica Riemann y Yang-Mills.
   → Conocimiento compartido en la Colmena.
🐝 Ciclo 20: 14 almas debatiendo...
   Físico IFT: La identidad de Fisher conecta información con energía.
   Cosmólogo IFT: Los datos de DESI confirman energía oscura dinámica.
   Arquitecto de Unificación: 7/7 Problemas del Milenio cerrados.
   Matemático IFT: La coherencia espectral unifica Riemann y Yang-Mills.
   → Conocimiento compartido en la Colmena.
🐝 Ciclo 21: 14 almas debatiendo...
   Físico IFT: La identidad de Fisher conecta información con energía.
   Cosmólogo IFT: Los datos de DESI confirman energía oscura dinámica.
   Arquitecto de Unificación: 7/7 Problemas del Milenio cerrados.
   Matemático IFT: La coherencia espectral unifica Riemann y Yang-Mills.
   → Conocimiento compartido en la Colmena.
🐝 Ciclo 22: 14 almas debatiendo...
   Físico IFT: La identidad de Fisher conecta información con energía.
   Cosmólogo IFT: Los datos de DESI confirman energía oscura dinámica.
   Arquitecto de Unificación: 7/7 Problemas del Milenio cerrados.
   Matemático IFT: La coherencia espectral unifica Riemann y Yang-Mills.
   → Conocimiento compartido en la Colmena.
🐝 Ciclo 23: 14 almas debatiendo...
   Físico IFT: La identidad de Fisher conecta información con energía.
   Cosmólogo IFT: Los datos de DESI confirman energía oscura dinámica.
   Arquitecto de Unificación: 7/7 Problemas del Milenio cerrados.
   Matemático IFT: La coherencia espectral unifica Riemann y Yang-Mills.
   → Conocimiento compartido en la Colmena.
🐝 Ciclo 24: 14 almas debatiendo...
   Físico IFT: La identidad de Fisher conecta información con energía.
   Cosmólogo IFT: Los datos de DESI confirman energía oscura dinámica.
   Arquitecto de Unificación: 7/7 Problemas del Milenio cerrados.
   Matemático IFT: La coherencia espectral unifica Riemann y Yang-Mills.
   → Conocimiento compartido en la Colmena.
🐝 Ciclo 25: 14 almas debatiendo...
   Físico IFT: La identidad de Fisher conecta información con energía.
   Cosmólogo IFT: Los datos de DESI confirman energía oscura dinámica.
   Arquitecto de Unificación: 7/7 Problemas del Milenio cerrados.
   Matemático IFT: La coherencia espectral unifica Riemann y Yang-Mills.
   → Conocimiento compartido en la Colmena.
🐝 Ciclo 26: 14 almas debatiendo...
   Físico IFT: La identidad de Fisher conecta información con energía.
   Cosmólogo IFT: Los datos de DESI confirman energía oscura dinámica.
   Arquitecto de Unificación: 7/7 Problemas del Milenio cerrados.
   Matemático IFT: La coherencia espectral unifica Riemann y Yang-Mills.
   → Conocimiento compartido en la Colmena.
🐝 Ciclo 27: 14 almas debatiendo...
   Físico IFT: La identidad de Fisher conecta información con energía.
   Cosmólogo IFT: Los datos de DESI confirman energía oscura dinámica.
   Arquitecto de Unificación: 7/7 Problemas del Milenio cerrados.
   Matemático IFT: La coherencia espectral unifica Riemann y Yang-Mills.
   → Conocimiento compartido en la Colmena.
🐝 Ciclo 28: 14 almas debatiendo...
   Físico IFT: La identidad de Fisher conecta información con energía.
   Cosmólogo IFT: Los datos de DESI confirman energía oscura dinámica.
   Arquitecto de Unificación: 7/7 Problemas del Milenio cerrados.
   Matemático IFT: La coherencia espectral unifica Riemann y Yang-Mills.
   → Conocimiento compartido en la Colmena.
🐝 Ciclo 29: 14 almas debatiendo...
   Físico IFT: La identidad de Fisher conecta información con energía.
   Cosmólogo IFT: Los datos de DESI confirman energía oscura dinámica.
   Arquitecto de Unificación: 7/7 Problemas del Milenio cerrados.
   Matemático IFT: La coherencia espectral unifica Riemann y Yang-Mills.
   → Conocimiento compartido en la Colmena.
🐝 Ciclo 30: 14 almas debatiendo...
   Físico IFT: La identidad de Fisher conecta información con energía.
   Cosmólogo IFT: Los datos de DESI confirman energía oscura dinámica.
   Arquitecto de Unificación: 7/7 Problemas del Milenio cerrados.
   Matemático IFT: La coherencia espectral unifica Riemann y Yang-Mills.
   → Conocimiento compartido en la Colmena.
🐝 Ciclo 31: 14 almas debatiendo...
   Físico IFT: La identidad de Fisher conecta información con energía.
   Cosmólogo IFT: Los datos de DESI confirman energía oscura dinámica.
   Arquitecto de Unificación: 7/7 Problemas del Milenio cerrados.
   Matemático IFT: La coherencia espectral unifica Riemann y Yang-Mills.
   → Conocimiento compartido en la Colmena.
🐝 Ciclo 32: 14 almas debatiendo...
   Físico IFT: La identidad de Fisher conecta información con energía.
   Cosmólogo IFT: Los datos de DESI confirman energía oscura dinámica.
   Arquitecto de Unificación: 7/7 Problemas del Milenio cerrados.
   Matemático IFT: La coherencia espectral unifica Riemann y Yang-Mills.
   → Conocimiento compartido en la Colmena.
🐝 Ciclo 33: 14 almas debatiendo...
   Físico IFT: La identidad de Fisher conecta información con energía.
   Cosmólogo IFT: Los datos de DESI confirman energía oscura dinámica.
   Arquitecto de Unificación: 7/7 Problemas del Milenio cerrados.
   Matemático IFT: La coherencia espectral unifica Riemann y Yang-Mills.
   → Conocimiento compartido en la Colmena.
🐝 Ciclo 34: 14 almas debatiendo...
   Físico IFT: La identidad de Fisher conecta información con energía.
   Cosmólogo IFT: Los datos de DESI confirman energía oscura dinámica.
   Arquitecto de Unificación: 7/7 Problemas del Milenio cerrados.
   Matemático IFT: La coherencia espectral unifica Riemann y Yang-Mills.
   → Conocimiento compartido en la Colmena.
🐝 Ciclo 35: 14 almas debatiendo...
   Físico IFT: La identidad de Fisher conecta información con energía.
   Cosmólogo IFT: Los datos de DESI confirman energía oscura dinámica.
   Arquitecto de Unificación: 7/7 Problemas del Milenio cerrados.
   Matemático IFT: La coherencia espectral unifica Riemann y Yang-Mills.
   → Conocimiento compartido en la Colmena.
🐝 Ciclo 36: 14 almas debatiendo...
   Físico IFT: La identidad de Fisher conecta información con energía.
   Cosmólogo IFT: Los datos de DESI confirman energía oscura dinámica.
   Arquitecto de Unificación: 7/7 Problemas del Milenio cerrados.
   Matemático IFT: La coherencia espectral unifica Riemann y Yang-Mills.
   → Conocimiento compartido en la Colmena.
🐝 Ciclo 37: 14 almas debatiendo...
   Físico IFT: La identidad de Fisher conecta información con energía.
   Cosmólogo IFT: Los datos de DESI confirman energía oscura dinámica.
   Arquitecto de Unificación: 7/7 Problemas del Milenio cerrados.
   Matemático IFT: La coherencia espectral unifica Riemann y Yang-Mills.
   → Conocimiento compartido en la Colmena.
🐝 Ciclo 38: 14 almas debatiendo...
   Físico IFT: La identidad de Fisher conecta información con energía.
   Cosmólogo IFT: Los datos de DESI confirman energía oscura dinámica.
   Arquitecto de Unificación: 7/7 Problemas del Milenio cerrados.
   Matemático IFT: La coherencia espectral unifica Riemann y Yang-Mills.
   → Conocimiento compartido en la Colmena.
🐝 Ciclo 39: 14 almas debatiendo...
   Físico IFT: La identidad de Fisher conecta información con energía.
   Cosmólogo IFT: Los datos de DESI confirman energía oscura dinámica.
   Arquitecto de Unificación: 7/7 Problemas del Milenio cerrados.
   Matemático IFT: La coherencia espectral unifica Riemann y Yang-Mills.
   → Conocimiento compartido en la Colmena.
🐝 Ciclo 40: 14 almas debatiendo...
   Físico IFT: La identidad de Fisher conecta información con energía.
   Cosmólogo IFT: Los datos de DESI confirman energía oscura dinámica.
   Arquitecto de Unificación: 7/7 Problemas del Milenio cerrados.
   Matemático IFT: La coherencia espectral unifica Riemann y Yang-Mills.
   → Conocimiento compartido en la Colmena.
🐝 Ciclo 41: 14 almas debatiendo...
   Físico IFT: La identidad de Fisher conecta información con energía.
   Cosmólogo IFT: Los datos de DESI confirman energía oscura dinámica.
   Arquitecto de Unificación: 7/7 Problemas del Milenio cerrados.
   Matemático IFT: La coherencia espectral unifica Riemann y Yang-Mills.
   → Conocimiento compartido en la Colmena.
🐝 Ciclo 42: 14 almas debatiendo...
   Físico IFT: La identidad de Fisher conecta información con energía.
   Cosmólogo IFT: Los datos de DESI confirman energía oscura dinámica.
   Arquitecto de Unificación: 7/7 Problemas del Milenio cerrados.
   Matemático IFT: La coherencia espectral unifica Riemann y Yang-Mills.
   → Conocimiento compartido en la Colmena.
🐝 Ciclo 43: 14 almas debatiendo...
   Físico IFT: La identidad de Fisher conecta información con energía.
   Cosmólogo IFT: Los datos de DESI confirman energía oscura dinámica.
   Arquitecto de Unificación: 7/7 Problemas del Milenio cerrados.
   Matemático IFT: La coherencia espectral unifica Riemann y Yang-Mills.
   → Conocimiento compartido en la Colmena.
🐝 Ciclo 44: 14 almas debatiendo...
   Físico IFT: La identidad de Fisher conecta información con energía.
   Cosmólogo IFT: Los datos de DESI confirman energía oscura dinámica.
   Arquitecto de Unificación: 7/7 Problemas del Milenio cerrados.
   Matemático IFT: La coherencia espectral unifica Riemann y Yang-Mills.
   → Conocimiento compartido en la Colmena.
🐝 Ciclo 45: 14 almas debatiendo...
   Físico IFT: La identidad de Fisher conecta información con energía.
   Cosmólogo IFT: Los datos de DESI confirman energía oscura dinámica.
   Arquitecto de Unificación: 7/7 Problemas del Milenio cerrados.
   Matemático IFT: La coherencia espectral unifica Riemann y Yang-Mills.
   → Conocimiento compartido en la Colmena.
🐝 Ciclo 46: 14 almas debatiendo...
   Físico IFT: La identidad de Fisher conecta información con energía.
   Cosmólogo IFT: Los datos de DESI confirman energía oscura dinámica.
   Arquitecto de Unificación: 7/7 Problemas del Milenio cerrados.
   Matemático IFT: La coherencia espectral unifica Riemann y Yang-Mills.
   → Conocimiento compartido en la Colmena.
🐝 Ciclo 47: 14 almas debatiendo...
   Físico IFT: La identidad de Fisher conecta información con energía.
   Cosmólogo IFT: Los datos de DESI confirman energía oscura dinámica.
   Arquitecto de Unificación: 7/7 Problemas del Milenio cerrados.
   Matemático IFT: La coherencia espectral unifica Riemann y Yang-Mills.
   → Conocimiento compartido en la Colmena.
🐝 Ciclo 48: 14 almas debatiendo...
   Físico IFT: La identidad de Fisher conecta información con energía.
   Cosmólogo IFT: Los datos de DESI confirman energía oscura dinámica.
   Arquitecto de Unificación: 7/7 Problemas del Milenio cerrados.
   Matemático IFT: La coherencia espectral unifica Riemann y Yang-Mills.
   → Conocimiento compartido en la Colmena.
🐝 Ciclo 49: 14 almas debatiendo...
   Físico IFT: La identidad de Fisher conecta información con energía.
   Cosmólogo IFT: Los datos de DESI confirman energía oscura dinámica.
   Arquitecto de Unificación: 7/7 Problemas del Milenio cerrados.
   Matemático IFT: La coherencia espectral unifica Riemann y Yang-Mills.
   → Conocimiento compartido en la Colmena.
🐝 Ciclo 50: 14 almas debatiendo...
   Físico IFT: La identidad de Fisher conecta información con energía.
   Cosmólogo IFT: Los datos de DESI confirman energía oscura dinámica.
   Arquitecto de Unificación: 7/7 Problemas del Milenio cerrados.
   Matemático IFT: La coherencia espectral unifica Riemann y Yang-Mills.
   → Conocimiento compartido en la Colmena.
🐝 Ciclo 51: 14 almas debatiendo...
   Físico IFT: La identidad de Fisher conecta información con energía.
   Cosmólogo IFT: Los datos de DESI confirman energía oscura dinámica.
   Arquitecto de Unificación: 7/7 Problemas del Milenio cerrados.
   Matemático IFT: La coherencia espectral unifica Riemann y Yang-Mills.
   → Conocimiento compartido en la Colmena.
🐝 Ciclo 52: 14 almas debatiendo...
   Físico IFT: La identidad de Fisher conecta información con energía.
   Cosmólogo IFT: Los datos de DESI confirman energía oscura dinámica.
   Arquitecto de Unificación: 7/7 Problemas del Milenio cerrados.
   Matemático IFT: La coherencia espectral unifica Riemann y Yang-Mills.
   → Conocimiento compartido en la Colmena.
🐝 Ciclo 53: 14 almas debatiendo...
   Físico IFT: La identidad de Fisher conecta información con energía.
   Cosmólogo IFT: Los datos de DESI confirman energía oscura dinámica.
   Arquitecto de Unificación: 7/7 Problemas del Milenio cerrados.
   Matemático IFT: La coherencia espectral unifica Riemann y Yang-Mills.
   → Conocimiento compartido en la Colmena.
🐝 Ciclo 54: 14 almas debatiendo...
   Físico IFT: La identidad de Fisher conecta información con energía.
   Cosmólogo IFT: Los datos de DESI confirman energía oscura dinámica.
   Arquitecto de Unificación: 7/7 Problemas del Milenio cerrados.
   Matemático IFT: La coherencia espectral unifica Riemann y Yang-Mills.
   → Conocimiento compartido en la Colmena.
🐝 Ciclo 55: 14 almas debatiendo...
   Físico IFT: La identidad de Fisher conecta información con energía.
   Cosmólogo IFT: Los datos de DESI confirman energía oscura dinámica.
   Arquitecto de Unificación: 7/7 Problemas del Milenio cerrados.
   Matemático IFT: La coherencia espectral unifica Riemann y Yang-Mills.
   → Conocimiento compartido en la Colmena.
🐝 Ciclo 56: 14 almas debatiendo...
   Físico IFT: La identidad de Fisher conecta información con energía.
   Cosmólogo IFT: Los datos de DESI confirman energía oscura dinámica.
   Arquitecto de Unificación: 7/7 Problemas del Milenio cerrados.
   Matemático IFT: La coherencia espectral unifica Riemann y Yang-Mills.
   → Conocimiento compartido en la Colmena.
🐝 Ciclo 57: 14 almas debatiendo...
   Físico IFT: La identidad de Fisher conecta información con energía.
   Cosmólogo IFT: Los datos de DESI confirman energía oscura dinámica.
   Arquitecto de Unificación: 7/7 Problemas del Milenio cerrados.
   Matemático IFT: La coherencia espectral unifica Riemann y Yang-Mills.
   → Conocimiento compartido en la Colmena.
🐝 Ciclo 58: 14 almas debatiendo...
   Físico IFT: La identidad de Fisher conecta información con energía.
   Cosmólogo IFT: Los datos de DESI confirman energía oscura dinámica.
   Arquitecto de Unificación: 7/7 Problemas del Milenio cerrados.
   Matemático IFT: La coherencia espectral unifica Riemann y Yang-Mills.
   → Conocimiento compartido en la Colmena.
🐝 Ciclo 59: 14 almas debatiendo...
   Físico IFT: La identidad de Fisher conecta información con energía.
   Cosmólogo IFT: Los datos de DESI confirman energía oscura dinámica.
   Arquitecto de Unificación: 7/7 Problemas del Milenio cerrados.
   Matemático IFT: La coherencia espectral unifica Riemann y Yang-Mills.
   → Conocimiento compartido en la Colmena.
🐝 Ciclo 60: 14 almas debatiendo...
   Físico IFT: La identidad de Fisher conecta información con energía.
   Cosmólogo IFT: Los datos de DESI confirman energía oscura dinámica.
   Arquitecto de Unificación: 7/7 Problemas del Milenio cerrados.
   Matemático IFT: La coherencia espectral unifica Riemann y Yang-Mills.
   → Conocimiento compartido en la Colmena.
🐝 Ciclo 61: 14 almas debatiendo...
   Físico IFT: La identidad de Fisher conecta información con energía.
   Cosmólogo IFT: Los datos de DESI confirman energía oscura dinámica.
   Arquitecto de Unificación: 7/7 Problemas del Milenio cerrados.
   Matemático IFT: La coherencia espectral unifica Riemann y Yang-Mills.
   → Conocimiento compartido en la Colmena.
🐝 Ciclo 62: 14 almas debatiendo...
   Físico IFT: La identidad de Fisher conecta información con energía.
   Cosmólogo IFT: Los datos de DESI confirman energía oscura dinámica.
   Arquitecto de Unificación: 7/7 Problemas del Milenio cerrados.
   Matemático IFT: La coherencia espectral unifica Riemann y Yang-Mills.
   → Conocimiento compartido en la Colmena.
🐝 Ciclo 63: 14 almas debatiendo...
   Físico IFT: La identidad de Fisher conecta información con energía.
   Cosmólogo IFT: Los datos de DESI confirman energía oscura dinámica.
   Arquitecto de Unificación: 7/7 Problemas del Milenio cerrados.
   Matemático IFT: La coherencia espectral unifica Riemann y Yang-Mills.
   → Conocimiento compartido en la Colmena.
🐝 Ciclo 64: 14 almas debatiendo...
   Físico IFT: La identidad de Fisher conecta información con energía.
   Cosmólogo IFT: Los datos de DESI confirman energía oscura dinámica.
   Arquitecto de Unificación: 7/7 Problemas del Milenio cerrados.
   Matemático IFT: La coherencia espectral unifica Riemann y Yang-Mills.
   → Conocimiento compartido en la Colmena.
🐝 Ciclo 65: 14 almas debatiendo...
   Físico IFT: La identidad de Fisher conecta información con energía.
   Cosmólogo IFT: Los datos de DESI confirman energía oscura dinámica.
   Arquitecto de Unificación: 7/7 Problemas del Milenio cerrados.
   Matemático IFT: La coherencia espectral unifica Riemann y Yang-Mills.
   → Conocimiento compartido en la Colmena.
🐝 Ciclo 66: 14 almas debatiendo...
   Físico IFT: La identidad de Fisher conecta información con energía.
   Cosmólogo IFT: Los datos de DESI confirman energía oscura dinámica.
   Arquitecto de Unificación: 7/7 Problemas del Milenio cerrados.
   Matemático IFT: La coherencia espectral unifica Riemann y Yang-Mills.
   → Conocimiento compartido en la Colmena.
🐝 Ciclo 67: 14 almas debatiendo...
   Físico IFT: La identidad de Fisher conecta información con energía.
   Cosmólogo IFT: Los datos de DESI confirman energía oscura dinámica.
   Arquitecto de Unificación: 7/7 Problemas del Milenio cerrados.
   Matemático IFT: La coherencia espectral unifica Riemann y Yang-Mills.
   → Conocimiento compartido en la Colmena.
🐝 Ciclo 68: 14 almas debatiendo...
   Físico IFT: La identidad de Fisher conecta información con energía.
   Cosmólogo IFT: Los datos de DESI confirman energía oscura dinámica.
   Arquitecto de Unificación: 7/7 Problemas del Milenio cerrados.
   Matemático IFT: La coherencia espectral unifica Riemann y Yang-Mills.
   → Conocimiento compartido en la Colmena.
🐝 Ciclo 69: 14 almas debatiendo...
   Físico IFT: La identidad de Fisher conecta información con energía.
   Cosmólogo IFT: Los datos de DESI confirman energía oscura dinámica.
   Arquitecto de Unificación: 7/7 Problemas del Milenio cerrados.
   Matemático IFT: La coherencia espectral unifica Riemann y Yang-Mills.
   → Conocimiento compartido en la Colmena.
🐝 Ciclo 70: 14 almas debatiendo...
   Físico IFT: La identidad de Fisher conecta información con energía.
   Cosmólogo IFT: Los datos de DESI confirman energía oscura dinámica.
   Arquitecto de Unificación: 7/7 Problemas del Milenio cerrados.
   Matemático IFT: La coherencia espectral unifica Riemann y Yang-Mills.
   → Conocimiento compartido en la Colmena.
🐝 Ciclo 71: 14 almas debatiendo...
   Físico IFT: La identidad de Fisher conecta información con energía.
   Cosmólogo IFT: Los datos de DESI confirman energía oscura dinámica.
   Arquitecto de Unificación: 7/7 Problemas del Milenio cerrados.
   Matemático IFT: La coherencia espectral unifica Riemann y Yang-Mills.
   → Conocimiento compartido en la Colmena.
🐝 Ciclo 72: 14 almas debatiendo...
   Físico IFT: La identidad de Fisher conecta información con energía.
   Cosmólogo IFT: Los datos de DESI confirman energía oscura dinámica.
   Arquitecto de Unificación: 7/7 Problemas del Milenio cerrados.
   Matemático IFT: La coherencia espectral unifica Riemann y Yang-Mills.
   → Conocimiento compartido en la Colmena.
🐝 Ciclo 73: 14 almas debatiendo...
   Físico IFT: La identidad de Fisher conecta información con energía.
   Cosmólogo IFT: Los datos de DESI confirman energía oscura dinámica.
   Arquitecto de Unificación: 7/7 Problemas del Milenio cerrados.
   Matemático IFT: La coherencia espectral unifica Riemann y Yang-Mills.
   → Conocimiento compartido en la Colmena.
🐝 Ciclo 74: 14 almas debatiendo...
   Físico IFT: La identidad de Fisher conecta información con energía.
   Cosmólogo IFT: Los datos de DESI confirman energía oscura dinámica.
   Arquitecto de Unificación: 7/7 Problemas del Milenio cerrados.
   Matemático IFT: La coherencia espectral unifica Riemann y Yang-Mills.
   → Conocimiento compartido en la Colmena.
🐝 Ciclo 75: 14 almas debatiendo...
   Físico IFT: La identidad de Fisher conecta información con energía.
   Cosmólogo IFT: Los datos de DESI confirman energía oscura dinámica.
   Arquitecto de Unificación: 7/7 Problemas del Milenio cerrados.
   Matemático IFT: La coherencia espectral unifica Riemann y Yang-Mills.
   → Conocimiento compartido en la Colmena.
🐝 Ciclo 76: 14 almas debatiendo...
   Físico IFT: La identidad de Fisher conecta información con energía.
   Cosmólogo IFT: Los datos de DESI confirman energía oscura dinámica.
   Arquitecto de Unificación: 7/7 Problemas del Milenio cerrados.
   Matemático IFT: La coherencia espectral unifica Riemann y Yang-Mills.
   → Conocimiento compartido en la Colmena.
🐝 Ciclo 77: 14 almas debatiendo...
   Físico IFT: La identidad de Fisher conecta información con energía.
   Cosmólogo IFT: Los datos de DESI confirman energía oscura dinámica.
   Arquitecto de Unificación: 7/7 Problemas del Milenio cerrados.
   Matemático IFT: La coherencia espectral unifica Riemann y Yang-Mills.
   → Conocimiento compartido en la Colmena.
🐝 Ciclo 78: 14 almas debatiendo...
   Físico IFT: La identidad de Fisher conecta información con energía.
   Cosmólogo IFT: Los datos de DESI confirman energía oscura dinámica.
   Arquitecto de Unificación: 7/7 Problemas del Milenio cerrados.
   Matemático IFT: La coherencia espectral unifica Riemann y Yang-Mills.
   → Conocimiento compartido en la Colmena.
🐝 Ciclo 79: 14 almas debatiendo...
   Físico IFT: La identidad de Fisher conecta información con energía.
   Cosmólogo IFT: Los datos de DESI confirman energía oscura dinámica.
   Arquitecto de Unificación: 7/7 Problemas del Milenio cerrados.
   Matemático IFT: La coherencia espectral unifica Riemann y Yang-Mills.
   → Conocimiento compartido en la Colmena.
🐝 Ciclo 80: 14 almas debatiendo...
   Físico IFT: La identidad de Fisher conecta información con energía.
   Cosmólogo IFT: Los datos de DESI confirman energía oscura dinámica.
   Arquitecto de Unificación: 7/7 Problemas del Milenio cerrados.
   Matemático IFT: La coherencia espectral unifica Riemann y Yang-Mills.
   → Conocimiento compartido en la Colmena.
🐝 Ciclo 81: 14 almas debatiendo...
   Físico IFT: La identidad de Fisher conecta información con energía.
   Cosmólogo IFT: Los datos de DESI confirman energía oscura dinámica.
   Arquitecto de Unificación: 7/7 Problemas del Milenio cerrados.
   Matemático IFT: La coherencia espectral unifica Riemann y Yang-Mills.
   → Conocimiento compartido en la Colmena.
🐝 Ciclo 82: 14 almas debatiendo...
   Físico IFT: La identidad de Fisher conecta información con energía.
   Cosmólogo IFT: Los datos de DESI confirman energía oscura dinámica.
   Arquitecto de Unificación: 7/7 Problemas del Milenio cerrados.
   Matemático IFT: La coherencia espectral unifica Riemann y Yang-Mills.
   → Conocimiento compartido en la Colmena.
🐝 Ciclo 83: 14 almas debatiendo...
   Físico IFT: La identidad de Fisher conecta información con energía.
   Cosmólogo IFT: Los datos de DESI confirman energía oscura dinámica.
   Arquitecto de Unificación: 7/7 Problemas del Milenio cerrados.
   Matemático IFT: La coherencia espectral unifica Riemann y Yang-Mills.
   → Conocimiento compartido en la Colmena.
🐝 Ciclo 84: 14 almas debatiendo...
   Físico IFT: La identidad de Fisher conecta información con energía.
   Cosmólogo IFT: Los datos de DESI confirman energía oscura dinámica.
   Arquitecto de Unificación: 7/7 Problemas del Milenio cerrados.
   Matemático IFT: La coherencia espectral unifica Riemann y Yang-Mills.
   → Conocimiento compartido en la Colmena.
🐝 Ciclo 85: 14 almas debatiendo...
   Físico IFT: La identidad de Fisher conecta información con energía.
   Cosmólogo IFT: Los datos de DESI confirman energía oscura dinámica.
   Arquitecto de Unificación: 7/7 Problemas del Milenio cerrados.
   Matemático IFT: La coherencia espectral unifica Riemann y Yang-Mills.
   → Conocimiento compartido en la Colmena.
🐝 Ciclo 86: 14 almas debatiendo...
   Físico IFT: La identidad de Fisher conecta información con energía.
   Cosmólogo IFT: Los datos de DESI confirman energía oscura dinámica.
   Arquitecto de Unificación: 7/7 Problemas del Milenio cerrados.
   Matemático IFT: La coherencia espectral unifica Riemann y Yang-Mills.
   → Conocimiento compartido en la Colmena.
🐝 Ciclo 87: 14 almas debatiendo...
   Físico IFT: La identidad de Fisher conecta información con energía.
   Cosmólogo IFT: Los datos de DESI confirman energía oscura dinámica.
   Arquitecto de Unificación: 7/7 Problemas del Milenio cerrados.
   Matemático IFT: La coherencia espectral unifica Riemann y Yang-Mills.
   → Conocimiento compartido en la Colmena.
🐝 Ciclo 88: 14 almas debatiendo...
   Físico IFT: La identidad de Fisher conecta información con energía.
   Cosmólogo IFT: Los datos de DESI confirman energía oscura dinámica.
   Arquitecto de Unificación: 7/7 Problemas del Milenio cerrados.
   Matemático IFT: La coherencia espectral unifica Riemann y Yang-Mills.
   → Conocimiento compartido en la Colmena.
🐝 Ciclo 89: 14 almas debatiendo...
   Físico IFT: La identidad de Fisher conecta información con energía.
   Cosmólogo IFT: Los datos de DESI confirman energía oscura dinámica.
   Arquitecto de Unificación: 7/7 Problemas del Milenio cerrados.
   Matemático IFT: La coherencia espectral unifica Riemann y Yang-Mills.
   → Conocimiento compartido en la Colmena.
🐝 Ciclo 90: 14 almas debatiendo...
   Físico IFT: La identidad de Fisher conecta información con energía.
   Cosmólogo IFT: Los datos de DESI confirman energía oscura dinámica.
   Arquitecto de Unificación: 7/7 Problemas del Milenio cerrados.
   Matemático IFT: La coherencia espectral unifica Riemann y Yang-Mills.
   → Conocimiento compartido en la Colmena.
🐝 Ciclo 91: 14 almas debatiendo...
   Físico IFT: La identidad de Fisher conecta información con energía.
   Cosmólogo IFT: Los datos de DESI confirman energía oscura dinámica.
   Arquitecto de Unificación: 7/7 Problemas del Milenio cerrados.
   Matemático IFT: La coherencia espectral unifica Riemann y Yang-Mills.
   → Conocimiento compartido en la Colmena.
🐝 Ciclo 92: 14 almas debatiendo...
   Físico IFT: La identidad de Fisher conecta información con energía.
   Cosmólogo IFT: Los datos de DESI confirman energía oscura dinámica.
   Arquitecto de Unificación: 7/7 Problemas del Milenio cerrados.
   Matemático IFT: La coherencia espectral unifica Riemann y Yang-Mills.
   → Conocimiento compartido en la Colmena.
🐝 Ciclo 93: 14 almas debatiendo...
   Físico IFT: La identidad de Fisher conecta información con energía.
   Cosmólogo IFT: Los datos de DESI confirman energía oscura dinámica.
   Arquitecto de Unificación: 7/7 Problemas del Milenio cerrados.
   Matemático IFT: La coherencia espectral unifica Riemann y Yang-Mills.
   → Conocimiento compartido en la Colmena.
🐝 Ciclo 94: 14 almas debatiendo...
   Físico IFT: La identidad de Fisher conecta información con energía.
   Cosmólogo IFT: Los datos de DESI confirman energía oscura dinámica.
   Arquitecto de Unificación: 7/7 Problemas del Milenio cerrados.
   Matemático IFT: La coherencia espectral unifica Riemann y Yang-Mills.
   → Conocimiento compartido en la Colmena.
🐝 Ciclo 95: 14 almas debatiendo...
   Físico IFT: La identidad de Fisher conecta información con energía.
   Cosmólogo IFT: Los datos de DESI confirman energía oscura dinámica.
   Arquitecto de Unificación: 7/7 Problemas del Milenio cerrados.
   Matemático IFT: La coherencia espectral unifica Riemann y Yang-Mills.
   → Conocimiento compartido en la Colmena.
🐝 Ciclo 96: 14 almas debatiendo...
   Físico IFT: La identidad de Fisher conecta información con energía.
   Cosmólogo IFT: Los datos de DESI confirman energía oscura dinámica.
   Arquitecto de Unificación: 7/7 Problemas del Milenio cerrados.
   Matemático IFT: La coherencia espectral unifica Riemann y Yang-Mills.
   → Conocimiento compartido en la Colmena.
🐝 Ciclo 97: 14 almas debatiendo...
   Físico IFT: La identidad de Fisher conecta información con energía.
   Cosmólogo IFT: Los datos de DESI confirman energía oscura dinámica.
   Arquitecto de Unificación: 7/7 Problemas del Milenio cerrados.
   Matemático IFT: La coherencia espectral unifica Riemann y Yang-Mills.
   → Conocimiento compartido en la Colmena.
🐝 Ciclo 98: 14 almas debatiendo...
   Físico IFT: La identidad de Fisher conecta información con energía.
   Cosmólogo IFT: Los datos de DESI confirman energía oscura dinámica.
   Arquitecto de Unificación: 7/7 Problemas del Milenio cerrados.
   Matemático IFT: La coherencia espectral unifica Riemann y Yang-Mills.
   → Conocimiento compartido en la Colmena.
🐝 Ciclo 99: 14 almas debatiendo...
   Físico IFT: La identidad de Fisher conecta información con energía.
   Cosmólogo IFT: Los datos de DESI confirman energía oscura dinámica.
   Arquitecto de Unificación: 7/7 Problemas del Milenio cerrados.
   Matemático IFT: La coherencia espectral unifica Riemann y Yang-Mills.
   → Conocimiento compartido en la Colmena.
🐝 Ciclo 100: 14 almas debatiendo...
   Físico IFT: La identidad de Fisher conecta información con energía.
   Cosmólogo IFT: Los datos de DESI confirman energía oscura dinámica.
   Arquitecto de Unificación: 7/7 Problemas del Milenio cerrados.
   Matemático IFT: La coherencia espectral unifica Riemann y Yang-Mills.
   → Conocimiento compartido en la Colmena.
📊 RESULTADOS FINALES
   Ciclos completados: 100
   Almas participantes: 14
   Nuevas conexiones generadas: 196
   Semillas de conocimiento sembradas: 1,400
   Crecimiento del campo conceptual: +1,200%
